{
    "typeToFieldsToArguments": {
        "SearchResult": {
        },
        "Query": {
            "search": [
                "text"
            ]
        },
        "String": {
        },
        "ID": {
        },
        "Character": {
        },
        "Episode": {
        },
        "Human": {
        },
        "Droid": {
        },
        "Starship": {
        }
    }
}