DeprecatedUsage (235:3)
Use of deprecated field `field4767`
------------
DeprecatedUsage (416:5)
Use of deprecated field `field5161`
------------
DeprecatedUsage (951:5)
Use of deprecated field `field5417`
------------
DeprecatedUsage (1632:5)
Use of deprecated field `field0047`
------------
DeprecatedUsage (1653:5)
Use of deprecated field `field0047`
------------
DeprecatedUsage (1944:5)
Use of deprecated field `field0020`
------------
DeprecatedUsage (2385:5)
Use of deprecated field `field1764`
------------
DeprecatedUsage (2388:5)
Use of deprecated field `field1766`
------------
DeprecatedUsage (2787:5)
Use of deprecated field `field1207`
------------
DeprecatedUsage (2899:3)
Use of deprecated field `field3823`
------------
DeprecatedUsage (3187:5)
Use of deprecated field `field5417`
------------
DeprecatedUsage (3300:3)
Use of deprecated field `field1186`
------------
DeprecatedUsage (3301:3)
Use of deprecated field `field1187`
------------
DeprecatedUsage (3415:3)
Use of deprecated field `field0024`
------------
DeprecatedUsage (3638:3)
Use of deprecated field `field0104`