{
    "typeToFieldsToArguments": {
        "Character": {
            "__typename": [
            ]
        },
        "Query": {
            "hero": [
            ]
        },
        "String": {
        },
        "Human": {
            "__typename": [
            ],
            "name": [
            ]
        }
    }
}